// Jest Snapshot v1, https://goo.gl/fbAQLP

exports[`<Links /> renders correctly 1`] = `
<section
  className="links"
>
  <h3
    className="mb-3"
  >
    examples
  </h3>
  <nav>
    <ul
      className="list-unstyled"
    >
      <li>
        <svg
          aria-hidden="true"
          className="svg-inline--fa fa-file fa-w-12 mr-2 text-primary"
          data-icon="file"
          data-prefix="fas"
          focusable="false"
          role="img"
          style={Object {}}
          viewBox="0 0 384 512"
          xmlns="http://www.w3.org/2000/svg"
        >
          <path
            d="M224 136V0H24C10.7 0 0 10.7 0 24v464c0 13.3 10.7 24 24 24h336c13.3 0 24-10.7 24-24V160H248c-13.2 0-24-10.8-24-24zm160-14.1v6.1H256V0h6.1c6.4 0 12.5 2.5 17 7l97.9 98c4.5 4.5 7 10.6 7 16.9z"
            fill="currentColor"
            style={Object {}}
          />
        </svg>
        <a
          href="https://example1.com"
          rel="noopener noreferrer"
          target="_blank"
        >
          I am first
        </a>
      </li>
      <li>
        <svg
          aria-hidden="true"
          className="svg-inline--fa fa-file fa-w-12 mr-2 text-primary"
          data-icon="file"
          data-prefix="fas"
          focusable="false"
          role="img"
          style={Object {}}
          viewBox="0 0 384 512"
          xmlns="http://www.w3.org/2000/svg"
        >
          <path
            d="M224 136V0H24C10.7 0 0 10.7 0 24v464c0 13.3 10.7 24 24 24h336c13.3 0 24-10.7 24-24V160H248c-13.2 0-24-10.8-24-24zm160-14.1v6.1H256V0h6.1c6.4 0 12.5 2.5 17 7l97.9 98c4.5 4.5 7 10.6 7 16.9z"
            fill="currentColor"
            style={Object {}}
          />
        </svg>
        <a
          href="https://example2.com"
          rel="noopener noreferrer"
          target="_blank"
        >
          I am second
        </a>
      </li>
      <li>
        <svg
          aria-hidden="true"
          className="svg-inline--fa fa-file fa-w-12 mr-2 text-primary"
          data-icon="file"
          data-prefix="fas"
          focusable="false"
          role="img"
          style={Object {}}
          viewBox="0 0 384 512"
          xmlns="http://www.w3.org/2000/svg"
        >
          <path
            d="M224 136V0H24C10.7 0 0 10.7 0 24v464c0 13.3 10.7 24 24 24h336c13.3 0 24-10.7 24-24V160H248c-13.2 0-24-10.8-24-24zm160-14.1v6.1H256V0h6.1c6.4 0 12.5 2.5 17 7l97.9 98c4.5 4.5 7 10.6 7 16.9z"
            fill="currentColor"
            style={Object {}}
          />
        </svg>
        <a
          href="https://example3.com"
          rel="noopener noreferrer"
          target="_blank"
        >
          I am third
        </a>
      </li>
    </ul>
  </nav>
</section>
`;
