// Jest Snapshot v1, https://goo.gl/fbAQLP

exports[`<MainContent /> renders correctly 1`] = `
<div
  className="d-flex justify-content-center align-items-center"
>
  <div
    className="spinner-border text-primary"
    role="status"
  >
    <div
      className="sr-only"
    >
      Loading program enrollments...
    </div>
  </div>
</div>
`;
