// Jest Snapshot v1, https://goo.gl/fbAQLP

exports[`<Sidebar /> renders correctly 1`] = `
<section
  className="links"
>
  <h3
    className="mb-3"
  >
    Program Documents
  </h3>
  <nav>
    <ul
      className="list-unstyled mb-2"
      id="program-documents"
    >
      <li
        className="mb-1"
      >
        <svg
          aria-hidden="true"
          className="svg-inline--fa fa-file fa-w-12 mr-2 text-primary"
          data-icon="file"
          data-prefix="fas"
          focusable="false"
          role="img"
          style={Object {}}
          viewBox="0 0 384 512"
          xmlns="http://www.w3.org/2000/svg"
        >
          <path
            d="M224 136V0H24C10.7 0 0 10.7 0 24v464c0 13.3 10.7 24 24 24h336c13.3 0 24-10.7 24-24V160H248c-13.2 0-24-10.8-24-24zm160-14.1v6.1H256V0h6.1c6.4 0 12.5 2.5 17 7l97.9 98c4.5 4.5 7 10.6 7 16.9z"
            fill="currentColor"
            style={Object {}}
          />
        </svg>
        <a
          href="https://edx.org/degree-requirements"
          rel="noopener noreferrer"
          target="_blank"
        >
          Degree Requirements
        </a>
      </li>
      <li
        className="mb-1"
      >
        <svg
          aria-hidden="true"
          className="svg-inline--fa fa-file fa-w-12 mr-2 text-primary"
          data-icon="file"
          data-prefix="fas"
          focusable="false"
          role="img"
          style={Object {}}
          viewBox="0 0 384 512"
          xmlns="http://www.w3.org/2000/svg"
        >
          <path
            d="M224 136V0H24C10.7 0 0 10.7 0 24v464c0 13.3 10.7 24 24 24h336c13.3 0 24-10.7 24-24V160H248c-13.2 0-24-10.8-24-24zm160-14.1v6.1H256V0h6.1c6.4 0 12.5 2.5 17 7l97.9 98c4.5 4.5 7 10.6 7 16.9z"
            fill="currentColor"
            style={Object {}}
          />
        </svg>
        <a
          href="https://edx.org/student-record"
          rel="noopener noreferrer"
          target="_blank"
        >
          Student Record
        </a>
      </li>
      <li
        className="mb-1"
      >
        <svg
          aria-hidden="true"
          className="svg-inline--fa fa-file fa-w-12 mr-2 text-primary"
          data-icon="file"
          data-prefix="fas"
          focusable="false"
          role="img"
          style={Object {}}
          viewBox="0 0 384 512"
          xmlns="http://www.w3.org/2000/svg"
        >
          <path
            d="M224 136V0H24C10.7 0 0 10.7 0 24v464c0 13.3 10.7 24 24 24h336c13.3 0 24-10.7 24-24V160H248c-13.2 0-24-10.8-24-24zm160-14.1v6.1H256V0h6.1c6.4 0 12.5 2.5 17 7l97.9 98c4.5 4.5 7 10.6 7 16.9z"
            fill="currentColor"
            style={Object {}}
          />
        </svg>
        <a
          href="https://edx.org/test-1"
          rel="noopener noreferrer"
          target="_blank"
        >
          Test 1
        </a>
      </li>
      <li
        className="mb-1"
      >
        <svg
          aria-hidden="true"
          className="svg-inline--fa fa-file fa-w-12 mr-2 text-primary"
          data-icon="file"
          data-prefix="fas"
          focusable="false"
          role="img"
          style={Object {}}
          viewBox="0 0 384 512"
          xmlns="http://www.w3.org/2000/svg"
        >
          <path
            d="M224 136V0H24C10.7 0 0 10.7 0 24v464c0 13.3 10.7 24 24 24h336c13.3 0 24-10.7 24-24V160H248c-13.2 0-24-10.8-24-24zm160-14.1v6.1H256V0h6.1c6.4 0 12.5 2.5 17 7l97.9 98c4.5 4.5 7 10.6 7 16.9z"
            fill="currentColor"
            style={Object {}}
          />
        </svg>
        <a
          href="https://edx.org/test-2"
          rel="noopener noreferrer"
          target="_blank"
        >
          Test 2
        </a>
      </li>
      <li
        className="mb-1"
      >
        <svg
          aria-hidden="true"
          className="svg-inline--fa fa-file fa-w-12 mr-2 text-primary"
          data-icon="file"
          data-prefix="fas"
          focusable="false"
          role="img"
          style={Object {}}
          viewBox="0 0 384 512"
          xmlns="http://www.w3.org/2000/svg"
        >
          <path
            d="M224 136V0H24C10.7 0 0 10.7 0 24v464c0 13.3 10.7 24 24 24h336c13.3 0 24-10.7 24-24V160H248c-13.2 0-24-10.8-24-24zm160-14.1v6.1H256V0h6.1c6.4 0 12.5 2.5 17 7l97.9 98c4.5 4.5 7 10.6 7 16.9z"
            fill="currentColor"
            style={Object {}}
          />
        </svg>
        <a
          href="https://edx.org/test-3"
          rel="noopener noreferrer"
          target="_blank"
        >
          Test 3
        </a>
      </li>
    </ul>
  </nav>
  <button
    aria-controls="program-documents"
    aria-expanded={false}
    className="btn toggle-show-all-btn px-0 btn-link"
    onBlur={[Function]}
    onClick={[Function]}
    onKeyDown={[Function]}
    type="button"
  >
    <svg
      aria-hidden="true"
      className="svg-inline--fa fa-chevron-circle-down fa-w-16 mr-2"
      data-icon="chevron-circle-down"
      data-prefix="fas"
      focusable="false"
      role="img"
      style={Object {}}
      viewBox="0 0 512 512"
      xmlns="http://www.w3.org/2000/svg"
    >
      <path
        d="M504 256c0 137-111 248-248 248S8 393 8 256 119 8 256 8s248 111 248 248zM273 369.9l135.5-135.5c9.4-9.4 9.4-24.6 0-33.9l-17-17c-9.4-9.4-24.6-9.4-33.9 0L256 285.1 154.4 183.5c-9.4-9.4-24.6-9.4-33.9 0l-17 17c-9.4 9.4-9.4 24.6 0 33.9L239 369.9c9.4 9.4 24.6 9.4 34 0z"
        fill="currentColor"
        style={Object {}}
      />
    </svg>
    show all 8
  </button>
</section>
`;
